// Jest Snapshot v1, https://goo.gl/fbAQLP

exports[`<Player/> render the <Player/> wth a bunny video 1`] = `
<div
  class="player__Container-sc-1c49yiu-0"
>
  <button
    class="player__Button-sc-1c49yiu-4 iERisg"
  >
    Play
  </button>
</div>
`;
